Archive member included because of file (symbol)

.\CortexM3\ARM_GCC_493\Debug\POVBaseHBridge.a(cyfitter_cfg.o)
                              .\CortexM3\ARM_GCC_493\Debug\Cm3Start.o (cyfitter_cfg)
.\CortexM3\ARM_GCC_493\Debug\POVBaseHBridge.a(PWM.o)
                              .\CortexM3\ARM_GCC_493\Debug\main.o (PWM_WritePeriod)
.\CortexM3\ARM_GCC_493\Debug\POVBaseHBridge.a(BUTTON.o)
                              .\CortexM3\ARM_GCC_493\Debug\main.o (BUTTON_Read)
.\CortexM3\ARM_GCC_493\Debug\POVBaseHBridge.a(isr_button.o)
                              .\CortexM3\ARM_GCC_493\Debug\main.o (isr_button_StartEx)
.\CortexM3\ARM_GCC_493\Debug\POVBaseHBridge.a(CyLib.o)
                              .\CortexM3\ARM_GCC_493\Debug\Cm3Start.o (CyHalt)
.\CortexM3\ARM_GCC_493\Debug\POVBaseHBridge.a(cyPm.o)
                              .\CortexM3\ARM_GCC_493\Debug\POVBaseHBridge.a(CyLib.o) (CyPmReadStatus)
.\CortexM3\ARM_GCC_493\Debug\POVBaseHBridge.a(CyBootAsmGnu.o)
                              .\CortexM3\ARM_GCC_493\Debug\POVBaseHBridge.a(cyfitter_cfg.o) (CyDelayCycles)
.\CortexM3\ARM_GCC_493\Debug\POVBaseHBridge.a(CyFlash.o)
                              .\CortexM3\ARM_GCC_493\Debug\POVBaseHBridge.a(cyPm.o) (CyFlash_SetWaitCycles)
.\CortexM3\ARM_GCC_493\Debug\POVBaseHBridge.a(CySpc.o)
                              .\CortexM3\ARM_GCC_493\Debug\POVBaseHBridge.a(CyFlash.o) (CySpcStart)
c:/program files (x86)/cypress/psoc creator/4.0/psoc creator/import/gnu/arm/4.9.3/bin/../lib/gcc/arm-none-eabi/4.9.3/../../../../arm-none-eabi/lib/armv7-m\libg_nano.a(lib_a-errno.o)
                              .\CortexM3\ARM_GCC_493\Debug\Cm3Start.o (__errno)
c:/program files (x86)/cypress/psoc creator/4.0/psoc creator/import/gnu/arm/4.9.3/bin/../lib/gcc/arm-none-eabi/4.9.3/../../../../arm-none-eabi/lib/armv7-m\libg_nano.a(lib_a-exit.o)
                              c:/program files (x86)/cypress/psoc creator/4.0/psoc creator/import/gnu/arm/4.9.3/bin/../lib/gcc/arm-none-eabi/4.9.3/../../../../arm-none-eabi/lib/armv7-m/crt0.o (exit)
c:/program files (x86)/cypress/psoc creator/4.0/psoc creator/import/gnu/arm/4.9.3/bin/../lib/gcc/arm-none-eabi/4.9.3/../../../../arm-none-eabi/lib/armv7-m\libg_nano.a(lib_a-impure.o)
                              c:/program files (x86)/cypress/psoc creator/4.0/psoc creator/import/gnu/arm/4.9.3/bin/../lib/gcc/arm-none-eabi/4.9.3/../../../../arm-none-eabi/lib/armv7-m\libg_nano.a(lib_a-exit.o) (_global_impure_ptr)
c:/program files (x86)/cypress/psoc creator/4.0/psoc creator/import/gnu/arm/4.9.3/bin/../lib/gcc/arm-none-eabi/4.9.3/../../../../arm-none-eabi/lib/armv7-m\libg_nano.a(lib_a-init.o)
                              c:/program files (x86)/cypress/psoc creator/4.0/psoc creator/import/gnu/arm/4.9.3/bin/../lib/gcc/arm-none-eabi/4.9.3/../../../../arm-none-eabi/lib/armv7-m/crt0.o (__libc_init_array)
c:/program files (x86)/cypress/psoc creator/4.0/psoc creator/import/gnu/arm/4.9.3/bin/../lib/gcc/arm-none-eabi/4.9.3/../../../../arm-none-eabi/lib/armv7-m\libg_nano.a(lib_a-memcpy.o)
                              .\CortexM3\ARM_GCC_493\Debug\POVBaseHBridge.a(cyfitter_cfg.o) (memcpy)
c:/program files (x86)/cypress/psoc creator/4.0/psoc creator/import/gnu/arm/4.9.3/bin/../lib/gcc/arm-none-eabi/4.9.3/../../../../arm-none-eabi/lib/armv7-m\libg_nano.a(lib_a-memset.o)
                              c:/program files (x86)/cypress/psoc creator/4.0/psoc creator/import/gnu/arm/4.9.3/bin/../lib/gcc/arm-none-eabi/4.9.3/../../../../arm-none-eabi/lib/armv7-m/crt0.o (memset)

Allocating common symbols
Common symbol       size              file

dieTemperature      0x2               .\CortexM3\ARM_GCC_493\Debug\POVBaseHBridge.a(CyFlash.o)

Discarded input sections

 .text          0x00000000        0x0 c:/program files (x86)/cypress/psoc creator/4.0/psoc creator/import/gnu/arm/4.9.3/bin/../lib/gcc/arm-none-eabi/4.9.3/armv7-m/crti.o
 .data          0x00000000        0x0 c:/program files (x86)/cypress/psoc creator/4.0/psoc creator/import/gnu/arm/4.9.3/bin/../lib/gcc/arm-none-eabi/4.9.3/armv7-m/crti.o
 .bss           0x00000000        0x0 c:/program files (x86)/cypress/psoc creator/4.0/psoc creator/import/gnu/arm/4.9.3/bin/../lib/gcc/arm-none-eabi/4.9.3/armv7-m/crti.o
 .data          0x00000000        0x4 c:/program files (x86)/cypress/psoc creator/4.0/psoc creator/import/gnu/arm/4.9.3/bin/../lib/gcc/arm-none-eabi/4.9.3/armv7-m/crtbegin.o
 .text          0x00000000       0x74 c:/program files (x86)/cypress/psoc creator/4.0/psoc creator/import/gnu/arm/4.9.3/bin/../lib/gcc/arm-none-eabi/4.9.3/../../../../arm-none-eabi/lib/armv7-m/crt0.o
 .data          0x00000000        0x0 c:/program files (x86)/cypress/psoc creator/4.0/psoc creator/import/gnu/arm/4.9.3/bin/../lib/gcc/arm-none-eabi/4.9.3/../../../../arm-none-eabi/lib/armv7-m/crt0.o
 .bss           0x00000000        0x0 c:/program files (x86)/cypress/psoc creator/4.0/psoc creator/import/gnu/arm/4.9.3/bin/../lib/gcc/arm-none-eabi/4.9.3/../../../../arm-none-eabi/lib/armv7-m/crt0.o
 .ARM.extab     0x00000000        0x0 c:/program files (x86)/cypress/psoc creator/4.0/psoc creator/import/gnu/arm/4.9.3/bin/../lib/gcc/arm-none-eabi/4.9.3/../../../../arm-none-eabi/lib/armv7-m/crt0.o
 .ARM.exidx     0x00000000        0x8 c:/program files (x86)/cypress/psoc creator/4.0/psoc creator/import/gnu/arm/4.9.3/bin/../lib/gcc/arm-none-eabi/4.9.3/../../../../arm-none-eabi/lib/armv7-m/crt0.o
 .text          0x00000000        0x0 .\CortexM3\ARM_GCC_493\Debug\main.o
 .data          0x00000000       0x28 .\CortexM3\ARM_GCC_493\Debug\main.o
 .text.setFrequency
                0x00000000       0x1c .\CortexM3\ARM_GCC_493\Debug\main.o
 .text.stepFrequencyTable
                0x00000000       0x24 .\CortexM3\ARM_GCC_493\Debug\main.o
 .text.stepFrequency
                0x00000000       0x74 .\CortexM3\ARM_GCC_493\Debug\main.o
 .text          0x00000000        0x0 .\CortexM3\ARM_GCC_493\Debug\cymetadata.o
 .data          0x00000000        0x0 .\CortexM3\ARM_GCC_493\Debug\cymetadata.o
 .bss           0x00000000        0x0 .\CortexM3\ARM_GCC_493\Debug\cymetadata.o
 .text          0x00000000        0x0 .\CortexM3\ARM_GCC_493\Debug\Cm3Start.o
 .data          0x00000000        0x4 .\CortexM3\ARM_GCC_493\Debug\Cm3Start.o
 .bss           0x00000000        0x0 .\CortexM3\ARM_GCC_493\Debug\Cm3Start.o
 .text._exit    0x00000000        0xc .\CortexM3\ARM_GCC_493\Debug\Cm3Start.o
 .text._sbrk    0x00000000       0x30 .\CortexM3\ARM_GCC_493\Debug\Cm3Start.o
 .text          0x00000000        0x0 .\CortexM3\ARM_GCC_493\Debug\POVBaseHBridge.a(cyfitter_cfg.o)
 .data          0x00000000        0x0 .\CortexM3\ARM_GCC_493\Debug\POVBaseHBridge.a(cyfitter_cfg.o)
 .bss           0x00000000        0x0 .\CortexM3\ARM_GCC_493\Debug\POVBaseHBridge.a(cyfitter_cfg.o)
 .text.SetAnalogRoutingPumps
                0x00000000       0x10 .\CortexM3\ARM_GCC_493\Debug\POVBaseHBridge.a(cyfitter_cfg.o)
 .text          0x00000000        0x0 .\CortexM3\ARM_GCC_493\Debug\POVBaseHBridge.a(PWM.o)
 .data          0x00000000        0x0 .\CortexM3\ARM_GCC_493\Debug\POVBaseHBridge.a(PWM.o)
 .text.PWM_Stop
                0x00000000       0x10 .\CortexM3\ARM_GCC_493\Debug\POVBaseHBridge.a(PWM.o)
 .text.PWM_ReadCounter
                0x00000000       0x14 .\CortexM3\ARM_GCC_493\Debug\POVBaseHBridge.a(PWM.o)
 .text.PWM_ReadDeadTime
                0x00000000        0xc .\CortexM3\ARM_GCC_493\Debug\POVBaseHBridge.a(PWM.o)
 .text.PWM_ReadControlRegister
                0x00000000        0xc .\CortexM3\ARM_GCC_493\Debug\POVBaseHBridge.a(PWM.o)
 .text.PWM_WriteControlRegister
                0x00000000        0xc .\CortexM3\ARM_GCC_493\Debug\POVBaseHBridge.a(PWM.o)
 .text.PWM_ReadCompare
                0x00000000        0xc .\CortexM3\ARM_GCC_493\Debug\POVBaseHBridge.a(PWM.o)
 .text.PWM_ReadPeriod
                0x00000000        0xc .\CortexM3\ARM_GCC_493\Debug\POVBaseHBridge.a(PWM.o)
 .text          0x00000000        0x0 .\CortexM3\ARM_GCC_493\Debug\POVBaseHBridge.a(BUTTON.o)
 .data          0x00000000        0x0 .\CortexM3\ARM_GCC_493\Debug\POVBaseHBridge.a(BUTTON.o)
 .bss           0x00000000        0x0 .\CortexM3\ARM_GCC_493\Debug\POVBaseHBridge.a(BUTTON.o)
 .text.BUTTON_Write
                0x00000000       0x18 .\CortexM3\ARM_GCC_493\Debug\POVBaseHBridge.a(BUTTON.o)
 .text.BUTTON_SetDriveMode
                0x00000000       0x18 .\CortexM3\ARM_GCC_493\Debug\POVBaseHBridge.a(BUTTON.o)
 .text.BUTTON_ReadDataReg
                0x00000000       0x10 .\CortexM3\ARM_GCC_493\Debug\POVBaseHBridge.a(BUTTON.o)
 .text          0x00000000        0x0 .\CortexM3\ARM_GCC_493\Debug\POVBaseHBridge.a(isr_button.o)
 .data          0x00000000        0x0 .\CortexM3\ARM_GCC_493\Debug\POVBaseHBridge.a(isr_button.o)
 .bss           0x00000000        0x0 .\CortexM3\ARM_GCC_493\Debug\POVBaseHBridge.a(isr_button.o)
 .text.isr_button_Interrupt
                0x00000000        0x4 .\CortexM3\ARM_GCC_493\Debug\POVBaseHBridge.a(isr_button.o)
 .text.isr_button_GetVector
                0x00000000        0xc .\CortexM3\ARM_GCC_493\Debug\POVBaseHBridge.a(isr_button.o)
 .text.isr_button_GetPriority
                0x00000000        0xc .\CortexM3\ARM_GCC_493\Debug\POVBaseHBridge.a(isr_button.o)
 .text.isr_button_GetState
                0x00000000       0x10 .\CortexM3\ARM_GCC_493\Debug\POVBaseHBridge.a(isr_button.o)
 .text.isr_button_Start
                0x00000000       0x1c .\CortexM3\ARM_GCC_493\Debug\POVBaseHBridge.a(isr_button.o)
 .text.isr_button_Stop
                0x00000000       0x14 .\CortexM3\ARM_GCC_493\Debug\POVBaseHBridge.a(isr_button.o)
 .text.isr_button_SetPending
                0x00000000        0xc .\CortexM3\ARM_GCC_493\Debug\POVBaseHBridge.a(isr_button.o)
 .text.isr_button_ClearPending
                0x00000000        0xc .\CortexM3\ARM_GCC_493\Debug\POVBaseHBridge.a(isr_button.o)
 .text          0x00000000        0x0 .\CortexM3\ARM_GCC_493\Debug\POVBaseHBridge.a(CyLib.o)
 .data          0x00000000       0x10 .\CortexM3\ARM_GCC_493\Debug\POVBaseHBridge.a(CyLib.o)
 .bss           0x00000000       0x1c .\CortexM3\ARM_GCC_493\Debug\POVBaseHBridge.a(CyLib.o)
 .text.CyUSB_PowerOnCheck
                0x00000000       0x48 .\CortexM3\ARM_GCC_493\Debug\POVBaseHBridge.a(CyLib.o)
 .text.CyBusClk_Internal_SetDivider
                0x00000000       0x48 .\CortexM3\ARM_GCC_493\Debug\POVBaseHBridge.a(CyLib.o)
 .text.CyPLL_OUT_Stop
                0x00000000       0x10 .\CortexM3\ARM_GCC_493\Debug\POVBaseHBridge.a(CyLib.o)
 .text.CyIMO_Stop
                0x00000000       0x1c .\CortexM3\ARM_GCC_493\Debug\POVBaseHBridge.a(CyLib.o)
 .text.CyIMO_EnableDoubler
                0x00000000       0x10 .\CortexM3\ARM_GCC_493\Debug\POVBaseHBridge.a(CyLib.o)
 .text.CyIMO_DisableDoubler
                0x00000000       0x10 .\CortexM3\ARM_GCC_493\Debug\POVBaseHBridge.a(CyLib.o)
 .text.CyMasterClk_SetSource
                0x00000000       0x18 .\CortexM3\ARM_GCC_493\Debug\POVBaseHBridge.a(CyLib.o)
 .text.CyMasterClk_SetDivider
                0x00000000        0xc .\CortexM3\ARM_GCC_493\Debug\POVBaseHBridge.a(CyLib.o)
 .text.CyBusClk_SetDivider
                0x00000000       0x70 .\CortexM3\ARM_GCC_493\Debug\POVBaseHBridge.a(CyLib.o)
 .text.CyUsbClk_SetSource
                0x00000000       0x18 .\CortexM3\ARM_GCC_493\Debug\POVBaseHBridge.a(CyLib.o)
 .text.CyILO_Start1K
                0x00000000       0x10 .\CortexM3\ARM_GCC_493\Debug\POVBaseHBridge.a(CyLib.o)
 .text.CyILO_Stop1K
                0x00000000       0x10 .\CortexM3\ARM_GCC_493\Debug\POVBaseHBridge.a(CyLib.o)
 .text.CyILO_Start100K
                0x00000000       0x10 .\CortexM3\ARM_GCC_493\Debug\POVBaseHBridge.a(CyLib.o)
 .text.CyILO_Stop100K
                0x00000000       0x10 .\CortexM3\ARM_GCC_493\Debug\POVBaseHBridge.a(CyLib.o)
 .text.CyPLL_OUT_Start
                0x00000000       0x78 .\CortexM3\ARM_GCC_493\Debug\POVBaseHBridge.a(CyLib.o)
 .text.CyIMO_Start
                0x00000000       0x60 .\CortexM3\ARM_GCC_493\Debug\POVBaseHBridge.a(CyLib.o)
 .text.CyILO_Enable33K
                0x00000000       0x10 .\CortexM3\ARM_GCC_493\Debug\POVBaseHBridge.a(CyLib.o)
 .text.CyILO_Disable33K
                0x00000000       0x10 .\CortexM3\ARM_GCC_493\Debug\POVBaseHBridge.a(CyLib.o)
 .text.CyILO_SetSource
                0x00000000       0x18 .\CortexM3\ARM_GCC_493\Debug\POVBaseHBridge.a(CyLib.o)
 .text.CyILO_SetPowerMode
                0x00000000       0x24 .\CortexM3\ARM_GCC_493\Debug\POVBaseHBridge.a(CyLib.o)
 .text.CyXTAL_32KHZ_Stop
                0x00000000       0x30 .\CortexM3\ARM_GCC_493\Debug\POVBaseHBridge.a(CyLib.o)
 .text.CyXTAL_32KHZ_ReadStatus
                0x00000000       0x10 .\CortexM3\ARM_GCC_493\Debug\POVBaseHBridge.a(CyLib.o)
 .text.CyXTAL_Start
                0x00000000       0xac .\CortexM3\ARM_GCC_493\Debug\POVBaseHBridge.a(CyLib.o)
 .text.CyXTAL_Stop
                0x00000000       0x10 .\CortexM3\ARM_GCC_493\Debug\POVBaseHBridge.a(CyLib.o)
 .text.CyXTAL_EnableErrStatus
                0x00000000       0x10 .\CortexM3\ARM_GCC_493\Debug\POVBaseHBridge.a(CyLib.o)
 .text.CyXTAL_DisableErrStatus
                0x00000000       0x10 .\CortexM3\ARM_GCC_493\Debug\POVBaseHBridge.a(CyLib.o)
 .text.CyXTAL_ReadStatus
                0x00000000       0x18 .\CortexM3\ARM_GCC_493\Debug\POVBaseHBridge.a(CyLib.o)
 .text.CyXTAL_EnableFaultRecovery
                0x00000000       0x10 .\CortexM3\ARM_GCC_493\Debug\POVBaseHBridge.a(CyLib.o)
 .text.CyXTAL_DisableFaultRecovery
                0x00000000       0x10 .\CortexM3\ARM_GCC_493\Debug\POVBaseHBridge.a(CyLib.o)
 .text.CyXTAL_SetStartup
                0x00000000       0x18 .\CortexM3\ARM_GCC_493\Debug\POVBaseHBridge.a(CyLib.o)
 .text.CyXTAL_SetFbVoltage
                0x00000000       0x18 .\CortexM3\ARM_GCC_493\Debug\POVBaseHBridge.a(CyLib.o)
 .text.CyXTAL_SetWdVoltage
                0x00000000       0x18 .\CortexM3\ARM_GCC_493\Debug\POVBaseHBridge.a(CyLib.o)
 .text.CyHalt   0x00000000        0x4 .\CortexM3\ARM_GCC_493\Debug\POVBaseHBridge.a(CyLib.o)
 .text.CyPLL_OUT_SetPQ
                0x00000000       0x60 .\CortexM3\ARM_GCC_493\Debug\POVBaseHBridge.a(CyLib.o)
 .text.CyPLL_OUT_SetSource
                0x00000000       0x34 .\CortexM3\ARM_GCC_493\Debug\POVBaseHBridge.a(CyLib.o)
 .text.CyIMO_SetTrimValue
                0x00000000       0xcc .\CortexM3\ARM_GCC_493\Debug\POVBaseHBridge.a(CyLib.o)
 .text.CyIMO_SetFreq
                0x00000000       0xf4 .\CortexM3\ARM_GCC_493\Debug\POVBaseHBridge.a(CyLib.o)
 .text.CyIMO_SetSource
                0x00000000       0x58 .\CortexM3\ARM_GCC_493\Debug\POVBaseHBridge.a(CyLib.o)
 .text.CySoftwareReset
                0x00000000       0x10 .\CortexM3\ARM_GCC_493\Debug\POVBaseHBridge.a(CyLib.o)
 .text.CyDelay  0x00000000       0x2c .\CortexM3\ARM_GCC_493\Debug\POVBaseHBridge.a(CyLib.o)
 .text.CyDelayUs
                0x00000000       0x14 .\CortexM3\ARM_GCC_493\Debug\POVBaseHBridge.a(CyLib.o)
 .text.CyXTAL_32KHZ_SetPowerMode
                0x00000000       0x84 .\CortexM3\ARM_GCC_493\Debug\POVBaseHBridge.a(CyLib.o)
 .text.CyXTAL_32KHZ_Start
                0x00000000       0x70 .\CortexM3\ARM_GCC_493\Debug\POVBaseHBridge.a(CyLib.o)
 .text.CyDelayFreq
                0x00000000       0x4c .\CortexM3\ARM_GCC_493\Debug\POVBaseHBridge.a(CyLib.o)
 .text.CyWdtStart
                0x00000000       0x40 .\CortexM3\ARM_GCC_493\Debug\POVBaseHBridge.a(CyLib.o)
 .text.CyWdtClear
                0x00000000        0xc .\CortexM3\ARM_GCC_493\Debug\POVBaseHBridge.a(CyLib.o)
 .text.CyVdStickyStatus
                0x00000000       0x2c .\CortexM3\ARM_GCC_493\Debug\POVBaseHBridge.a(CyLib.o)
 .text.CyVdLvDigitEnable
                0x00000000       0x84 .\CortexM3\ARM_GCC_493\Debug\POVBaseHBridge.a(CyLib.o)
 .text.CyVdLvAnalogEnable
                0x00000000       0x80 .\CortexM3\ARM_GCC_493\Debug\POVBaseHBridge.a(CyLib.o)
 .text.CyVdLvDigitDisable
                0x00000000       0x30 .\CortexM3\ARM_GCC_493\Debug\POVBaseHBridge.a(CyLib.o)
 .text.CyVdLvAnalogDisable
                0x00000000       0x28 .\CortexM3\ARM_GCC_493\Debug\POVBaseHBridge.a(CyLib.o)
 .text.CyVdHvAnalogEnable
                0x00000000       0x54 .\CortexM3\ARM_GCC_493\Debug\POVBaseHBridge.a(CyLib.o)
 .text.CyVdHvAnalogDisable
                0x00000000       0x20 .\CortexM3\ARM_GCC_493\Debug\POVBaseHBridge.a(CyLib.o)
 .text.CyVdRealTimeStatus
                0x00000000       0x1c .\CortexM3\ARM_GCC_493\Debug\POVBaseHBridge.a(CyLib.o)
 .text.CyDisableInts
                0x00000000       0x1c .\CortexM3\ARM_GCC_493\Debug\POVBaseHBridge.a(CyLib.o)
 .text.CyEnableInts
                0x00000000       0x18 .\CortexM3\ARM_GCC_493\Debug\POVBaseHBridge.a(CyLib.o)
 .text.CyFlushCache
                0x00000000       0x44 .\CortexM3\ARM_GCC_493\Debug\POVBaseHBridge.a(CyLib.o)
 .text.CyIntSetSysVector
                0x00000000       0x28 .\CortexM3\ARM_GCC_493\Debug\POVBaseHBridge.a(CyLib.o)
 .text.CyIntGetSysVector
                0x00000000       0x20 .\CortexM3\ARM_GCC_493\Debug\POVBaseHBridge.a(CyLib.o)
 .text.CyIntSetVector
                0x00000000       0x28 .\CortexM3\ARM_GCC_493\Debug\POVBaseHBridge.a(CyLib.o)
 .text.CyIntGetVector
                0x00000000       0x24 .\CortexM3\ARM_GCC_493\Debug\POVBaseHBridge.a(CyLib.o)
 .text.CyIntSetPriority
                0x00000000       0x30 .\CortexM3\ARM_GCC_493\Debug\POVBaseHBridge.a(CyLib.o)
 .text.CyIntGetPriority
                0x00000000       0x20 .\CortexM3\ARM_GCC_493\Debug\POVBaseHBridge.a(CyLib.o)
 .text.CyIntGetState
                0x00000000       0x24 .\CortexM3\ARM_GCC_493\Debug\POVBaseHBridge.a(CyLib.o)
 .text.CySysTickStop
                0x00000000       0x10 .\CortexM3\ARM_GCC_493\Debug\POVBaseHBridge.a(CyLib.o)
 .text.CySysTickEnableInterrupt
                0x00000000       0x10 .\CortexM3\ARM_GCC_493\Debug\POVBaseHBridge.a(CyLib.o)
 .text.CySysTickEnable
                0x00000000       0x18 .\CortexM3\ARM_GCC_493\Debug\POVBaseHBridge.a(CyLib.o)
 .text.CySysTickDisableInterrupt
                0x00000000       0x10 .\CortexM3\ARM_GCC_493\Debug\POVBaseHBridge.a(CyLib.o)
 .text.CySysTickSetReload
                0x00000000       0x10 .\CortexM3\ARM_GCC_493\Debug\POVBaseHBridge.a(CyLib.o)
 .text.CySysTickGetReload
                0x00000000       0x10 .\CortexM3\ARM_GCC_493\Debug\POVBaseHBridge.a(CyLib.o)
 .text.CySysTickGetValue
                0x00000000       0x10 .\CortexM3\ARM_GCC_493\Debug\POVBaseHBridge.a(CyLib.o)
 .text.CySysTickSetClockSource
                0x00000000       0x20 .\CortexM3\ARM_GCC_493\Debug\POVBaseHBridge.a(CyLib.o)
 .text.CySysTickGetClockSource
                0x00000000       0x10 .\CortexM3\ARM_GCC_493\Debug\POVBaseHBridge.a(CyLib.o)
 .text.CySysTickGetCountFlag
                0x00000000       0x10 .\CortexM3\ARM_GCC_493\Debug\POVBaseHBridge.a(CyLib.o)
 .text.CySysTickServiceCallbacks
                0x00000000       0x28 .\CortexM3\ARM_GCC_493\Debug\POVBaseHBridge.a(CyLib.o)
 .text.CySysTickClear
                0x00000000        0xc .\CortexM3\ARM_GCC_493\Debug\POVBaseHBridge.a(CyLib.o)
 .text.CySysTickInit
                0x00000000       0x58 .\CortexM3\ARM_GCC_493\Debug\POVBaseHBridge.a(CyLib.o)
 .text.CySysTickStart
                0x00000000       0x1c .\CortexM3\ARM_GCC_493\Debug\POVBaseHBridge.a(CyLib.o)
 .text.CySysTickSetCallback
                0x00000000       0x10 .\CortexM3\ARM_GCC_493\Debug\POVBaseHBridge.a(CyLib.o)
 .text.CySysTickGetCallback
                0x00000000       0x10 .\CortexM3\ARM_GCC_493\Debug\POVBaseHBridge.a(CyLib.o)
 .text.CyGetUniqueId
                0x00000000       0x70 .\CortexM3\ARM_GCC_493\Debug\POVBaseHBridge.a(CyLib.o)
 .text          0x00000000        0x0 .\CortexM3\ARM_GCC_493\Debug\POVBaseHBridge.a(cyPm.o)
 .data          0x00000000        0x0 .\CortexM3\ARM_GCC_493\Debug\POVBaseHBridge.a(cyPm.o)
 .bss           0x00000000       0x44 .\CortexM3\ARM_GCC_493\Debug\POVBaseHBridge.a(cyPm.o)
 .text.CyPmHibSlpSaveSet
                0x00000000      0x1dc .\CortexM3\ARM_GCC_493\Debug\POVBaseHBridge.a(cyPm.o)
 .text.CyPmHibSlpRestore
                0x00000000       0xd4 .\CortexM3\ARM_GCC_493\Debug\POVBaseHBridge.a(cyPm.o)
 .text.CyPmHviLviSaveDisable
                0x00000000       0xa0 .\CortexM3\ARM_GCC_493\Debug\POVBaseHBridge.a(cyPm.o)
 .text.CyPmHibSaveSet
                0x00000000       0x8c .\CortexM3\ARM_GCC_493\Debug\POVBaseHBridge.a(cyPm.o)
 .text.CyPmHviLviRestore
                0x00000000       0x48 .\CortexM3\ARM_GCC_493\Debug\POVBaseHBridge.a(cyPm.o)
 .text.CyPmHibRestore
                0x00000000       0x58 .\CortexM3\ARM_GCC_493\Debug\POVBaseHBridge.a(cyPm.o)
 .text.CyPmSaveClocks
                0x00000000      0x218 .\CortexM3\ARM_GCC_493\Debug\POVBaseHBridge.a(cyPm.o)
 .text.CyPmRestoreClocks
                0x00000000      0x24c .\CortexM3\ARM_GCC_493\Debug\POVBaseHBridge.a(cyPm.o)
 .text.CyPmAltAct
                0x00000000       0x6c .\CortexM3\ARM_GCC_493\Debug\POVBaseHBridge.a(cyPm.o)
 .text.CyPmSleep
                0x00000000       0xf4 .\CortexM3\ARM_GCC_493\Debug\POVBaseHBridge.a(cyPm.o)
 .text.CyPmHibernateEx
                0x00000000       0xf4 .\CortexM3\ARM_GCC_493\Debug\POVBaseHBridge.a(cyPm.o)
 .text.CyPmHibernate
                0x00000000        0xc .\CortexM3\ARM_GCC_493\Debug\POVBaseHBridge.a(cyPm.o)
 .text.CyPmReadStatus
                0x00000000       0x30 .\CortexM3\ARM_GCC_493\Debug\POVBaseHBridge.a(cyPm.o)
 .text.CyPmCtwSetInterval
                0x00000000       0x5c .\CortexM3\ARM_GCC_493\Debug\POVBaseHBridge.a(cyPm.o)
 .text.CyPmOppsSet
                0x00000000       0x2c .\CortexM3\ARM_GCC_493\Debug\POVBaseHBridge.a(cyPm.o)
 .text.CyPmFtwSetInterval
                0x00000000       0x5c .\CortexM3\ARM_GCC_493\Debug\POVBaseHBridge.a(cyPm.o)
 .rodata        0x00000000       0x10 .\CortexM3\ARM_GCC_493\Debug\POVBaseHBridge.a(cyPm.o)
 .data          0x00000000        0x0 .\CortexM3\ARM_GCC_493\Debug\POVBaseHBridge.a(CyBootAsmGnu.o)
 .bss           0x00000000        0x0 .\CortexM3\ARM_GCC_493\Debug\POVBaseHBridge.a(CyBootAsmGnu.o)
 .text          0x00000000        0x0 .\CortexM3\ARM_GCC_493\Debug\POVBaseHBridge.a(CyFlash.o)
 .data          0x00000000        0x0 .\CortexM3\ARM_GCC_493\Debug\POVBaseHBridge.a(CyFlash.o)
 .bss           0x00000000        0x4 .\CortexM3\ARM_GCC_493\Debug\POVBaseHBridge.a(CyFlash.o)
 .text.CyFlashGetSpcAlgorithm
                0x00000000       0x4c .\CortexM3\ARM_GCC_493\Debug\POVBaseHBridge.a(CyFlash.o)
 .text.CySetTempInt
                0x00000000       0x60 .\CortexM3\ARM_GCC_493\Debug\POVBaseHBridge.a(CyFlash.o)
 .text.CyFlash_Start
                0x00000000       0x54 .\CortexM3\ARM_GCC_493\Debug\POVBaseHBridge.a(CyFlash.o)
 .text.CyFlash_Stop
                0x00000000       0x24 .\CortexM3\ARM_GCC_493\Debug\POVBaseHBridge.a(CyFlash.o)
 .text.CySetTemp
                0x00000000       0x14 .\CortexM3\ARM_GCC_493\Debug\POVBaseHBridge.a(CyFlash.o)
 .text.CySetFlashEEBuffer
                0x00000000       0x28 .\CortexM3\ARM_GCC_493\Debug\POVBaseHBridge.a(CyFlash.o)
 .text.CyWriteRowFull
                0x00000000       0xf8 .\CortexM3\ARM_GCC_493\Debug\POVBaseHBridge.a(CyFlash.o)
 .text.CyWriteRowData
                0x00000000       0x14 .\CortexM3\ARM_GCC_493\Debug\POVBaseHBridge.a(CyFlash.o)
 .text.CyFlash_SetWaitCycles
                0x00000000       0x7c .\CortexM3\ARM_GCC_493\Debug\POVBaseHBridge.a(CyFlash.o)
 .text.CyEEPROM_Start
                0x00000000       0x54 .\CortexM3\ARM_GCC_493\Debug\POVBaseHBridge.a(CyFlash.o)
 .text.CyEEPROM_Stop
                0x00000000       0x24 .\CortexM3\ARM_GCC_493\Debug\POVBaseHBridge.a(CyFlash.o)
 .text.CyEEPROM_ReadReserve
                0x00000000       0x1c .\CortexM3\ARM_GCC_493\Debug\POVBaseHBridge.a(CyFlash.o)
 .text.CyEEPROM_ReadRelease
                0x00000000       0x10 .\CortexM3\ARM_GCC_493\Debug\POVBaseHBridge.a(CyFlash.o)
 COMMON         0x00000000        0x2 .\CortexM3\ARM_GCC_493\Debug\POVBaseHBridge.a(CyFlash.o)
 .text          0x00000000        0x0 .\CortexM3\ARM_GCC_493\Debug\POVBaseHBridge.a(CySpc.o)
 .data          0x00000000        0x0 .\CortexM3\ARM_GCC_493\Debug\POVBaseHBridge.a(CySpc.o)
 .bss           0x00000000        0x8 .\CortexM3\ARM_GCC_493\Debug\POVBaseHBridge.a(CySpc.o)
 .text.CySpcStart
                0x00000000       0x24 .\CortexM3\ARM_GCC_493\Debug\POVBaseHBridge.a(CySpc.o)
 .text.CySpcStop
                0x00000000       0x24 .\CortexM3\ARM_GCC_493\Debug\POVBaseHBridge.a(CySpc.o)
 .text.CySpcReadData
                0x00000000       0x34 .\CortexM3\ARM_GCC_493\Debug\POVBaseHBridge.a(CySpc.o)
 .text.CySpcLoadMultiByte
                0x00000000       0x78 .\CortexM3\ARM_GCC_493\Debug\POVBaseHBridge.a(CySpc.o)
 .text.CySpcLoadRow
                0x00000000       0x54 .\CortexM3\ARM_GCC_493\Debug\POVBaseHBridge.a(CySpc.o)
 .text.CySpcLoadRowFull
                0x00000000       0x80 .\CortexM3\ARM_GCC_493\Debug\POVBaseHBridge.a(CySpc.o)
 .text.CySpcWriteRow
                0x00000000       0x4c .\CortexM3\ARM_GCC_493\Debug\POVBaseHBridge.a(CySpc.o)
 .text.CySpcEraseSector
                0x00000000       0x3c .\CortexM3\ARM_GCC_493\Debug\POVBaseHBridge.a(CySpc.o)
 .text.CySpcGetTemp
                0x00000000       0x3c .\CortexM3\ARM_GCC_493\Debug\POVBaseHBridge.a(CySpc.o)
 .text.CySpcLock
                0x00000000       0x4c .\CortexM3\ARM_GCC_493\Debug\POVBaseHBridge.a(CySpc.o)
 .text.CySpcUnlock
                0x00000000       0x38 .\CortexM3\ARM_GCC_493\Debug\POVBaseHBridge.a(CySpc.o)
 .text.CySpcGetAlgorithm
                0x00000000       0x28 .\CortexM3\ARM_GCC_493\Debug\POVBaseHBridge.a(CySpc.o)
 .text          0x00000000        0x0 c:/program files (x86)/cypress/psoc creator/4.0/psoc creator/import/gnu/arm/4.9.3/bin/../lib/gcc/arm-none-eabi/4.9.3/../../../../arm-none-eabi/lib/armv7-m\libg_nano.a(lib_a-errno.o)
 .data          0x00000000        0x0 c:/program files (x86)/cypress/psoc creator/4.0/psoc creator/import/gnu/arm/4.9.3/bin/../lib/gcc/arm-none-eabi/4.9.3/../../../../arm-none-eabi/lib/armv7-m\libg_nano.a(lib_a-errno.o)
 .bss           0x00000000        0x0 c:/program files (x86)/cypress/psoc creator/4.0/psoc creator/import/gnu/arm/4.9.3/bin/../lib/gcc/arm-none-eabi/4.9.3/../../../../arm-none-eabi/lib/armv7-m\libg_nano.a(lib_a-errno.o)
 .text          0x00000000        0x0 c:/program files (x86)/cypress/psoc creator/4.0/psoc creator/import/gnu/arm/4.9.3/bin/../lib/gcc/arm-none-eabi/4.9.3/../../../../arm-none-eabi/lib/armv7-m\libg_nano.a(lib_a-exit.o)
 .data          0x00000000        0x0 c:/program files (x86)/cypress/psoc creator/4.0/psoc creator/import/gnu/arm/4.9.3/bin/../lib/gcc/arm-none-eabi/4.9.3/../../../../arm-none-eabi/lib/armv7-m\libg_nano.a(lib_a-exit.o)
 .bss           0x00000000        0x0 c:/program files (x86)/cypress/psoc creator/4.0/psoc creator/import/gnu/arm/4.9.3/bin/../lib/gcc/arm-none-eabi/4.9.3/../../../../arm-none-eabi/lib/armv7-m\libg_nano.a(lib_a-exit.o)
 .text.exit     0x00000000       0x28 c:/program files (x86)/cypress/psoc creator/4.0/psoc creator/import/gnu/arm/4.9.3/bin/../lib/gcc/arm-none-eabi/4.9.3/../../../../arm-none-eabi/lib/armv7-m\libg_nano.a(lib_a-exit.o)
 .text          0x00000000        0x0 c:/program files (x86)/cypress/psoc creator/4.0/psoc creator/import/gnu/arm/4.9.3/bin/../lib/gcc/arm-none-eabi/4.9.3/../../../../arm-none-eabi/lib/armv7-m\libg_nano.a(lib_a-impure.o)
 .data          0x00000000        0x0 c:/program files (x86)/cypress/psoc creator/4.0/psoc creator/import/gnu/arm/4.9.3/bin/../lib/gcc/arm-none-eabi/4.9.3/../../../../arm-none-eabi/lib/armv7-m\libg_nano.a(lib_a-impure.o)
 .bss           0x00000000        0x0 c:/program files (x86)/cypress/psoc creator/4.0/psoc creator/import/gnu/arm/4.9.3/bin/../lib/gcc/arm-none-eabi/4.9.3/../../../../arm-none-eabi/lib/armv7-m\libg_nano.a(lib_a-impure.o)
 .rodata._global_impure_ptr
                0x00000000        0x4 c:/program files (x86)/cypress/psoc creator/4.0/psoc creator/import/gnu/arm/4.9.3/bin/../lib/gcc/arm-none-eabi/4.9.3/../../../../arm-none-eabi/lib/armv7-m\libg_nano.a(lib_a-impure.o)
 .text          0x00000000        0x0 c:/program files (x86)/cypress/psoc creator/4.0/psoc creator/import/gnu/arm/4.9.3/bin/../lib/gcc/arm-none-eabi/4.9.3/../../../../arm-none-eabi/lib/armv7-m\libg_nano.a(lib_a-init.o)
 .data          0x00000000        0x0 c:/program files (x86)/cypress/psoc creator/4.0/psoc creator/import/gnu/arm/4.9.3/bin/../lib/gcc/arm-none-eabi/4.9.3/../../../../arm-none-eabi/lib/armv7-m\libg_nano.a(lib_a-init.o)
 .bss           0x00000000        0x0 c:/program files (x86)/cypress/psoc creator/4.0/psoc creator/import/gnu/arm/4.9.3/bin/../lib/gcc/arm-none-eabi/4.9.3/../../../../arm-none-eabi/lib/armv7-m\libg_nano.a(lib_a-init.o)
 .text          0x00000000        0x0 c:/program files (x86)/cypress/psoc creator/4.0/psoc creator/import/gnu/arm/4.9.3/bin/../lib/gcc/arm-none-eabi/4.9.3/../../../../arm-none-eabi/lib/armv7-m\libg_nano.a(lib_a-memcpy.o)
 .data          0x00000000        0x0 c:/program files (x86)/cypress/psoc creator/4.0/psoc creator/import/gnu/arm/4.9.3/bin/../lib/gcc/arm-none-eabi/4.9.3/../../../../arm-none-eabi/lib/armv7-m\libg_nano.a(lib_a-memcpy.o)
 .bss           0x00000000        0x0 c:/program files (x86)/cypress/psoc creator/4.0/psoc creator/import/gnu/arm/4.9.3/bin/../lib/gcc/arm-none-eabi/4.9.3/../../../../arm-none-eabi/lib/armv7-m\libg_nano.a(lib_a-memcpy.o)
 .text          0x00000000        0x0 c:/program files (x86)/cypress/psoc creator/4.0/psoc creator/import/gnu/arm/4.9.3/bin/../lib/gcc/arm-none-eabi/4.9.3/../../../../arm-none-eabi/lib/armv7-m\libg_nano.a(lib_a-memset.o)
 .data          0x00000000        0x0 c:/program files (x86)/cypress/psoc creator/4.0/psoc creator/import/gnu/arm/4.9.3/bin/../lib/gcc/arm-none-eabi/4.9.3/../../../../arm-none-eabi/lib/armv7-m\libg_nano.a(lib_a-memset.o)
 .bss           0x00000000        0x0 c:/program files (x86)/cypress/psoc creator/4.0/psoc creator/import/gnu/arm/4.9.3/bin/../lib/gcc/arm-none-eabi/4.9.3/../../../../arm-none-eabi/lib/armv7-m\libg_nano.a(lib_a-memset.o)
 .text          0x00000000        0x0 c:/program files (x86)/cypress/psoc creator/4.0/psoc creator/import/gnu/arm/4.9.3/bin/../lib/gcc/arm-none-eabi/4.9.3/armv7-m/crtend.o
 .data          0x00000000        0x0 c:/program files (x86)/cypress/psoc creator/4.0/psoc creator/import/gnu/arm/4.9.3/bin/../lib/gcc/arm-none-eabi/4.9.3/armv7-m/crtend.o
 .bss           0x00000000        0x0 c:/program files (x86)/cypress/psoc creator/4.0/psoc creator/import/gnu/arm/4.9.3/bin/../lib/gcc/arm-none-eabi/4.9.3/armv7-m/crtend.o
 .text          0x00000000        0x0 c:/program files (x86)/cypress/psoc creator/4.0/psoc creator/import/gnu/arm/4.9.3/bin/../lib/gcc/arm-none-eabi/4.9.3/armv7-m/crtn.o
 .data          0x00000000        0x0 c:/program files (x86)/cypress/psoc creator/4.0/psoc creator/import/gnu/arm/4.9.3/bin/../lib/gcc/arm-none-eabi/4.9.3/armv7-m/crtn.o
 .bss           0x00000000        0x0 c:/program files (x86)/cypress/psoc creator/4.0/psoc creator/import/gnu/arm/4.9.3/bin/../lib/gcc/arm-none-eabi/4.9.3/armv7-m/crtn.o

Memory Configuration

Name             Origin             Length             Attributes
rom              0x00000000         0x00040000         xr
ram              0x1fff8000         0x00010000         xrw
*default*        0x00000000         0xffffffff

Linker script and memory map

LOAD c:/program files (x86)/cypress/psoc creator/4.0/psoc creator/import/gnu/arm/4.9.3/bin/../lib/gcc/arm-none-eabi/4.9.3/armv7-m/crti.o
LOAD c:/program files (x86)/cypress/psoc creator/4.0/psoc creator/import/gnu/arm/4.9.3/bin/../lib/gcc/arm-none-eabi/4.9.3/armv7-m/crtbegin.o
LOAD c:/program files (x86)/cypress/psoc creator/4.0/psoc creator/import/gnu/arm/4.9.3/bin/../lib/gcc/arm-none-eabi/4.9.3/../../../../arm-none-eabi/lib/armv7-m/crt0.o
START GROUP
LOAD .\CortexM3\ARM_GCC_493\Debug\main.o
LOAD .\CortexM3\ARM_GCC_493\Debug\cymetadata.o
LOAD .\CortexM3\ARM_GCC_493\Debug\Cm3Start.o
LOAD .\CortexM3\ARM_GCC_493\Debug\POVBaseHBridge.a
LOAD C:\Program Files (x86)\Cypress\PSoC Creator\4.0\PSoC Creator\psoc\content\cycomponentlibrary\CyComponentLibrary.cylib\CortexM3\ARM_GCC_493\Debug\CyComponentLibrary.a
END GROUP
START GROUP
LOAD c:/program files (x86)/cypress/psoc creator/4.0/psoc creator/import/gnu/arm/4.9.3/bin/../lib/gcc/arm-none-eabi/4.9.3/armv7-m\libgcc.a
LOAD c:/program files (x86)/cypress/psoc creator/4.0/psoc creator/import/gnu/arm/4.9.3/bin/../lib/gcc/arm-none-eabi/4.9.3/../../../../arm-none-eabi/lib/armv7-m\libg_nano.a
LOAD c:/program files (x86)/cypress/psoc creator/4.0/psoc creator/import/gnu/arm/4.9.3/bin/../lib/gcc/arm-none-eabi/4.9.3/../../../../arm-none-eabi/lib/armv7-m\libc_nano.a
END GROUP
START GROUP
LOAD c:/program files (x86)/cypress/psoc creator/4.0/psoc creator/import/gnu/arm/4.9.3/bin/../lib/gcc/arm-none-eabi/4.9.3/armv7-m\libgcc.a
LOAD c:/program files (x86)/cypress/psoc creator/4.0/psoc creator/import/gnu/arm/4.9.3/bin/../lib/gcc/arm-none-eabi/4.9.3/../../../../arm-none-eabi/lib/armv7-m\libc_nano.a
END GROUP
LOAD c:/program files (x86)/cypress/psoc creator/4.0/psoc creator/import/gnu/arm/4.9.3/bin/../lib/gcc/arm-none-eabi/4.9.3/armv7-m/crtend.o
LOAD c:/program files (x86)/cypress/psoc creator/4.0/psoc creator/import/gnu/arm/4.9.3/bin/../lib/gcc/arm-none-eabi/4.9.3/armv7-m/crtn.o
START GROUP
LOAD c:/program files (x86)/cypress/psoc creator/4.0/psoc creator/import/gnu/arm/4.9.3/bin/../lib/gcc/arm-none-eabi/4.9.3/armv7-m\libgcc.a
LOAD c:/program files (x86)/cypress/psoc creator/4.0/psoc creator/import/gnu/arm/4.9.3/bin/../lib/gcc/arm-none-eabi/4.9.3/../../../../arm-none-eabi/lib/armv7-m\libc.a
LOAD c:/program files (x86)/cypress/psoc creator/4.0/psoc creator/import/gnu/arm/4.9.3/bin/../lib/gcc/arm-none-eabi/4.9.3/../../../../arm-none-eabi/lib/armv7-m\libnosys.a
END GROUP
                0x00000000                CY_APPL_ORIGIN = 0x0
                0x00000100                CY_FLASH_ROW_SIZE = 0x100
                0x00000020                CY_ECC_ROW_SIZE = 0x20
                0x00000000                CY_EE_IN_BTLDR = 0x0
                0x00000000                CY_APPL_LOADABLE = 0x0
                0x00000800                CY_EE_SIZE = 0x800
                0x00000001                CY_APPL_NUM = 0x1
                0x00000001                CY_APPL_MAX = 0x1
                0x00000040                CY_METADATA_SIZE = 0x40
                0x00000000                CY_APPL_LOADABLE = 0x0
                0x00000000                CY_CHECKSUM_EXCLUDE_SIZE = ALIGN (0x0, CY_FLASH_ROW_SIZE)
                0x1fff8198                PROVIDE (__cy_heap_start, _end)
                0x00000001                PROVIDE (__cy_region_num, ((__cy_regions_end - __cy_regions) / 0x10))
                0x20008000                PROVIDE (__cy_stack, (ORIGIN (ram) + 0x10000))
                0x20007800                PROVIDE (__cy_heap_end, (__cy_stack - 0x800))

.cybootloader   0x00000000        0x0
 *(.cybootloader)
                0x00000000                appl1_start = CY_APPL_ORIGIN?CY_APPL_ORIGIN:ALIGN (CY_FLASH_ROW_SIZE)
                0x0001ff00                appl2_start = (appl1_start + ALIGN ((((0x40000 - appl1_start) - (0x2 * CY_FLASH_ROW_SIZE)) / 0x2), CY_FLASH_ROW_SIZE))
                0x00000000                appl_start = (CY_APPL_NUM == 0x1)?appl1_start:appl2_start
                0x00000000                ecc_offset = ((appl_start / CY_FLASH_ROW_SIZE) * CY_ECC_ROW_SIZE)
                0x00000000                ee_offset = (CY_APPL_LOADABLE && ! (CY_EE_IN_BTLDR))?((CY_EE_SIZE / CY_APPL_MAX) * (CY_APPL_NUM - 0x1)):0x0
                0x00000800                ee_size = (CY_APPL_LOADABLE && ! (CY_EE_IN_BTLDR))?(CY_EE_SIZE / CY_APPL_MAX):CY_EE_SIZE
                0x00000000                PROVIDE (CY_ECC_OFFSET, ecc_offset)

.text           0x00000000      0x596
 CREATE_OBJECT_SYMBOLS
                0x00000000                PROVIDE (__cy_interrupt_vector, RomVectors)
 *(.romvectors)
 .romvectors    0x00000000       0x10 .\CortexM3\ARM_GCC_493\Debug\Cm3Start.o
                0x00000000                RomVectors
                0x00000001                ASSERT ((. != __cy_interrupt_vector), No interrupt vector)
                0x00000001                ASSERT (CY_APPL_ORIGIN?(SIZEOF (.cybootloader) <= CY_APPL_ORIGIN):0x1, Wrong image location)
                0x00000010                PROVIDE (__cy_reset, Reset)
 *(.text.Reset)
 .text.Reset    0x00000010       0x18 .\CortexM3\ARM_GCC_493\Debug\Cm3Start.o
                0x00000010                Reset
                0x00000001                ASSERT ((. != __cy_reset), No reset code)
 *(.dma_init)
                0x00000001                ASSERT ((((appl_start + .) <= 0x10000) || 0x1), DMA Init must be within the first 64k of flash)
 *(.text .text.* .gnu.linkonce.t.*)
 .text          0x00000028       0x5c c:/program files (x86)/cypress/psoc creator/4.0/psoc creator/import/gnu/arm/4.9.3/bin/../lib/gcc/arm-none-eabi/4.9.3/armv7-m/crtbegin.o
 .text.buttonISR
                0x00000084        0xc .\CortexM3\ARM_GCC_493\Debug\main.o
                0x00000084                buttonISR
 .text.main     0x00000090       0x24 .\CortexM3\ARM_GCC_493\Debug\main.o
                0x00000090                main
 .text.IntDefaultHandler
                0x000000b4       0x10 .\CortexM3\ARM_GCC_493\Debug\Cm3Start.o
                0x000000b4                IntDefaultHandler
 .text.Start_c  0x000000c4       0x4c .\CortexM3\ARM_GCC_493\Debug\Cm3Start.o
                0x000000c4                Start_c
 .text.initialize_psoc
                0x00000110       0x74 .\CortexM3\ARM_GCC_493\Debug\Cm3Start.o
                0x00000110                initialize_psoc
 .text.CyClockStartupError
                0x00000184        0x4 .\CortexM3\ARM_GCC_493\Debug\POVBaseHBridge.a(cyfitter_cfg.o)
 .text.cfg_write_bytes32
                0x00000188       0x34 .\CortexM3\ARM_GCC_493\Debug\POVBaseHBridge.a(cyfitter_cfg.o)
 .text.AnalogSetDefault
                0x000001bc       0x28 .\CortexM3\ARM_GCC_493\Debug\POVBaseHBridge.a(cyfitter_cfg.o)
 .text.CYMEMZERO
                0x000001e4        0xc .\CortexM3\ARM_GCC_493\Debug\POVBaseHBridge.a(cyfitter_cfg.o)
 .text.ClockSetup
                0x000001f0       0xb8 .\CortexM3\ARM_GCC_493\Debug\POVBaseHBridge.a(cyfitter_cfg.o)
 .text.CYCONFIGCPY
                0x000002a8        0x8 .\CortexM3\ARM_GCC_493\Debug\POVBaseHBridge.a(cyfitter_cfg.o)
 .text.cyfitter_cfg
                0x000002b0       0xf0 .\CortexM3\ARM_GCC_493\Debug\POVBaseHBridge.a(cyfitter_cfg.o)
                0x000002b0                cyfitter_cfg
 .text.PWM_Enable
                0x000003a0       0x10 .\CortexM3\ARM_GCC_493\Debug\POVBaseHBridge.a(PWM.o)
                0x000003a0                PWM_Enable
 .text.PWM_WriteCounter
                0x000003b0        0xc .\CortexM3\ARM_GCC_493\Debug\POVBaseHBridge.a(PWM.o)
                0x000003b0                PWM_WriteCounter
 .text.PWM_WritePeriod
                0x000003bc        0xc .\CortexM3\ARM_GCC_493\Debug\POVBaseHBridge.a(PWM.o)
                0x000003bc                PWM_WritePeriod
 .text.PWM_WriteCompare
                0x000003c8        0xc .\CortexM3\ARM_GCC_493\Debug\POVBaseHBridge.a(PWM.o)
                0x000003c8                PWM_WriteCompare
 .text.PWM_WriteDeadTime
                0x000003d4        0xc .\CortexM3\ARM_GCC_493\Debug\POVBaseHBridge.a(PWM.o)
                0x000003d4                PWM_WriteDeadTime
 .text.PWM_SetInterruptMode
                0x000003e0        0xc .\CortexM3\ARM_GCC_493\Debug\POVBaseHBridge.a(PWM.o)
                0x000003e0                PWM_SetInterruptMode
 .text.PWM_ReadStatusRegister
                0x000003ec        0xc .\CortexM3\ARM_GCC_493\Debug\POVBaseHBridge.a(PWM.o)
                0x000003ec                PWM_ReadStatusRegister
 .text.PWM_ReadCapture
                0x000003f8        0xc .\CortexM3\ARM_GCC_493\Debug\POVBaseHBridge.a(PWM.o)
                0x000003f8                PWM_ReadCapture
 .text.PWM_ClearFIFO
                0x00000404       0x14 .\CortexM3\ARM_GCC_493\Debug\POVBaseHBridge.a(PWM.o)
                0x00000404                PWM_ClearFIFO
 .text.PWM_Init
                0x00000418       0x64 .\CortexM3\ARM_GCC_493\Debug\POVBaseHBridge.a(PWM.o)
                0x00000418                PWM_Init
 .text.PWM_Start
                0x0000047c       0x1c .\CortexM3\ARM_GCC_493\Debug\POVBaseHBridge.a(PWM.o)
                0x0000047c                PWM_Start
 .text.BUTTON_Read
                0x00000498       0x10 .\CortexM3\ARM_GCC_493\Debug\POVBaseHBridge.a(BUTTON.o)
                0x00000498                BUTTON_Read
 .text.isr_button_SetVector
                0x000004a8        0xc .\CortexM3\ARM_GCC_493\Debug\POVBaseHBridge.a(isr_button.o)
                0x000004a8                isr_button_SetVector
 .text.isr_button_SetPriority
                0x000004b4       0x10 .\CortexM3\ARM_GCC_493\Debug\POVBaseHBridge.a(isr_button.o)
                0x000004b4                isr_button_SetPriority
 .text.isr_button_Enable
                0x000004c4        0xc .\CortexM3\ARM_GCC_493\Debug\POVBaseHBridge.a(isr_button.o)
                0x000004c4                isr_button_Enable
 .text.isr_button_Disable
                0x000004d0        0xc .\CortexM3\ARM_GCC_493\Debug\POVBaseHBridge.a(isr_button.o)
                0x000004d0                isr_button_Disable
 .text.isr_button_StartEx
                0x000004dc       0x1c .\CortexM3\ARM_GCC_493\Debug\POVBaseHBridge.a(isr_button.o)
                0x000004dc                isr_button_StartEx
 .text          0x000004f8       0x20 .\CortexM3\ARM_GCC_493\Debug\POVBaseHBridge.a(CyBootAsmGnu.o)
                0x000004f8                CyDelayCycles
                0x00000508                CyEnterCriticalSection
                0x00000510                CyExitCriticalSection
 .text.__errno  0x00000518        0xc c:/program files (x86)/cypress/psoc creator/4.0/psoc creator/import/gnu/arm/4.9.3/bin/../lib/gcc/arm-none-eabi/4.9.3/../../../../arm-none-eabi/lib/armv7-m\libg_nano.a(lib_a-errno.o)
                0x00000518                __errno
 .text.__libc_init_array
                0x00000524       0x4c c:/program files (x86)/cypress/psoc creator/4.0/psoc creator/import/gnu/arm/4.9.3/bin/../lib/gcc/arm-none-eabi/4.9.3/../../../../arm-none-eabi/lib/armv7-m\libg_nano.a(lib_a-init.o)
                0x00000524                __libc_init_array
 .text.memcpy   0x00000570       0x16 c:/program files (x86)/cypress/psoc creator/4.0/psoc creator/import/gnu/arm/4.9.3/bin/../lib/gcc/arm-none-eabi/4.9.3/../../../../arm-none-eabi/lib/armv7-m\libg_nano.a(lib_a-memcpy.o)
                0x00000570                memcpy
 .text.memset   0x00000586       0x10 c:/program files (x86)/cypress/psoc creator/4.0/psoc creator/import/gnu/arm/4.9.3/bin/../lib/gcc/arm-none-eabi/4.9.3/../../../../arm-none-eabi/lib/armv7-m\libg_nano.a(lib_a-memset.o)
                0x00000586                memset
 *(.plt)
 *(.gnu.warning)
 *(.glue_7t)
 .glue_7t       0x00000000        0x0 linker stubs
 *(.glue_7)
 .glue_7        0x00000000        0x0 linker stubs
 *(.vfp11_veneer)
 .vfp11_veneer  0x00000000        0x0 linker stubs
 *(.bootloader)
 *(.ARM.extab* .gnu.linkonce.armextab.*)
 *(.gcc_except_table)

.v4_bx          0x00000598        0x0
 .v4_bx         0x00000000        0x0 linker stubs

.iplt           0x00000598        0x0
 .iplt          0x00000000        0x0 c:/program files (x86)/cypress/psoc creator/4.0/psoc creator/import/gnu/arm/4.9.3/bin/../lib/gcc/arm-none-eabi/4.9.3/armv7-m/crtbegin.o

.eh_frame_hdr
 *(.eh_frame_hdr)

.eh_frame       0x00000598        0x4
 *(.eh_frame)
 .eh_frame      0x00000598        0x0 c:/program files (x86)/cypress/psoc creator/4.0/psoc creator/import/gnu/arm/4.9.3/bin/../lib/gcc/arm-none-eabi/4.9.3/armv7-m/crtbegin.o
 .eh_frame      0x00000598        0x4 c:/program files (x86)/cypress/psoc creator/4.0/psoc creator/import/gnu/arm/4.9.3/bin/../lib/gcc/arm-none-eabi/4.9.3/armv7-m/crtend.o
                0x0000059c                PROVIDE (__exidx_start, .)

.ARM.exidx
 *(.ARM.exidx* .gnu.linkonce.armexidx.*)
                0x0000059c                __exidx_end = .

.rodata         0x0000059c       0x74
 *(.rodata .rodata.* .gnu.linkonce.r.*)
 .rodata        0x0000059c       0x38 .\CortexM3\ARM_GCC_493\Debug\POVBaseHBridge.a(cyfitter_cfg.o)
 .rodata.str1.1
                0x000005d4        0x2 c:/program files (x86)/cypress/psoc creator/4.0/psoc creator/import/gnu/arm/4.9.3/bin/../lib/gcc/arm-none-eabi/4.9.3/../../../../arm-none-eabi/lib/armv7-m\libg_nano.a(lib_a-impure.o)
                0x000005d8                . = ALIGN (0x4)
 *fill*         0x000005d6        0x2 
 *(.init)
 .init          0x000005d8        0x4 c:/program files (x86)/cypress/psoc creator/4.0/psoc creator/import/gnu/arm/4.9.3/bin/../lib/gcc/arm-none-eabi/4.9.3/armv7-m/crti.o
                0x000005d8                _init
 .init          0x000005dc        0x8 c:/program files (x86)/cypress/psoc creator/4.0/psoc creator/import/gnu/arm/4.9.3/bin/../lib/gcc/arm-none-eabi/4.9.3/armv7-m/crtn.o
                0x000005e4                . = ALIGN (0x4)
                0x000005e4                __preinit_array_start = .
 *(.preinit_array)
                0x000005e4                __preinit_array_end = .
                0x000005e4                . = ALIGN (0x4)
                0x000005e4                __init_array_start = .
 *(SORT(.init_array.*))
 *(.init_array)
 .init_array    0x000005e4        0x4 c:/program files (x86)/cypress/psoc creator/4.0/psoc creator/import/gnu/arm/4.9.3/bin/../lib/gcc/arm-none-eabi/4.9.3/armv7-m/crtbegin.o
 .init_array    0x000005e8        0x4 .\CortexM3\ARM_GCC_493\Debug\Cm3Start.o
                0x000005ec                __init_array_end = .
                0x000005ec                . = ALIGN (0x4)
 *(.fini)
 .fini          0x000005ec        0x4 c:/program files (x86)/cypress/psoc creator/4.0/psoc creator/import/gnu/arm/4.9.3/bin/../lib/gcc/arm-none-eabi/4.9.3/armv7-m/crti.o
                0x000005ec                _fini
 .fini          0x000005f0        0x8 c:/program files (x86)/cypress/psoc creator/4.0/psoc creator/import/gnu/arm/4.9.3/bin/../lib/gcc/arm-none-eabi/4.9.3/armv7-m/crtn.o
                0x000005f8                . = ALIGN (0x4)
                0x000005f8                __fini_array_start = .
 *(.fini_array)
 .fini_array    0x000005f8        0x4 c:/program files (x86)/cypress/psoc creator/4.0/psoc creator/import/gnu/arm/4.9.3/bin/../lib/gcc/arm-none-eabi/4.9.3/armv7-m/crtbegin.o
 *(SORT(.fini_array.*))
                0x000005fc                __fini_array_end = .
                0x000005fc                . = ALIGN (0x4)
 *crtbegin.o(.ctors)
 *(EXCLUDE_FILE(*crtend.o) .ctors)
 *(SORT(.ctors.*))
 *crtend.o(.ctors)
                0x000005fc                . = ALIGN (0x4)
 *crtbegin.o(.dtors)
 *(EXCLUDE_FILE(*crtend.o) .dtors)
 *(SORT(.dtors.*))
 *crtend.o(.dtors)
                0x000005fc                . = ALIGN (0x4)
                0x000005fc                __cy_regions = .
                0x000005fc        0x4 LONG 0x610 __cy_region_init_ram
                0x00000600        0x4 LONG 0x1fff8108 __cy_region_start_data
                0x00000604        0x4 LONG 0x68 __cy_region_init_size_ram
                0x00000608        0x4 LONG 0x28 __cy_region_zero_size_ram
                0x0000060c                __cy_regions_end = .
                0x00000610                . = ALIGN (0x8)
 *fill*         0x0000060c        0x4 
                0x00000610                _etext = .

.cy_checksum_exclude
                0x00000610        0x0
 *(.cy_checksum_exclude)

.ramvectors     0x1fff8000      0x100
                0x1fff8000                __cy_region_start_ram = .
 *(.ramvectors)
 .ramvectors    0x1fff8000      0x100 .\CortexM3\ARM_GCC_493\Debug\Cm3Start.o
                0x1fff8000                CyRamVectors

.noinit         0x1fff8100        0x5
 *(.noinit)
 .noinit        0x1fff8100        0x4 .\CortexM3\ARM_GCC_493\Debug\Cm3Start.o
 .noinit        0x1fff8104        0x1 .\CortexM3\ARM_GCC_493\Debug\POVBaseHBridge.a(CyLib.o)
                0x1fff8104                CyResetStatus

.data           0x1fff8108       0x68 load address 0x00000610
                0x1fff8108                __cy_region_start_data = .
 *(.jcr)
 .jcr           0x1fff8108        0x0 c:/program files (x86)/cypress/psoc creator/4.0/psoc creator/import/gnu/arm/4.9.3/bin/../lib/gcc/arm-none-eabi/4.9.3/armv7-m/crtbegin.o
 .jcr           0x1fff8108        0x4 c:/program files (x86)/cypress/psoc creator/4.0/psoc creator/import/gnu/arm/4.9.3/bin/../lib/gcc/arm-none-eabi/4.9.3/armv7-m/crtend.o
 *(.got.plt)
 *(.got)
 *(.shdata)
 *(.data .data.* .gnu.linkonce.d.*)
 .data.impure_data
                0x1fff810c       0x60 c:/program files (x86)/cypress/psoc creator/4.0/psoc creator/import/gnu/arm/4.9.3/bin/../lib/gcc/arm-none-eabi/4.9.3/../../../../arm-none-eabi/lib/armv7-m\libg_nano.a(lib_a-impure.o)
 .data._impure_ptr
                0x1fff816c        0x4 c:/program files (x86)/cypress/psoc creator/4.0/psoc creator/import/gnu/arm/4.9.3/bin/../lib/gcc/arm-none-eabi/4.9.3/../../../../arm-none-eabi/lib/armv7-m\libg_nano.a(lib_a-impure.o)
                0x1fff816c                _impure_ptr
                0x1fff8170                . = ALIGN (0x8)
 *(.ram)
                0x1fff8170                _edata = .

.igot.plt       0x1fff8170        0x0 load address 0x00000678
 .igot.plt      0x00000000        0x0 c:/program files (x86)/cypress/psoc creator/4.0/psoc creator/import/gnu/arm/4.9.3/bin/../lib/gcc/arm-none-eabi/4.9.3/armv7-m/crtbegin.o

.bss            0x1fff8170       0x28 load address 0x00000678
                0x1fff8170                PROVIDE (__bss_start__, .)
 *(.shbss)
 *(.bss .bss.* .gnu.linkonce.b.*)
 .bss           0x1fff8170       0x1c c:/program files (x86)/cypress/psoc creator/4.0/psoc creator/import/gnu/arm/4.9.3/bin/../lib/gcc/arm-none-eabi/4.9.3/armv7-m/crtbegin.o
 .bss           0x1fff818c        0x8 .\CortexM3\ARM_GCC_493\Debug\main.o
                0x1fff818c                buttonPressed
                0x1fff8190                freqTableIndex
 .bss           0x1fff8194        0x1 .\CortexM3\ARM_GCC_493\Debug\POVBaseHBridge.a(PWM.o)
                0x1fff8194                PWM_initVar
 *(COMMON)
                0x1fff8198                . = ALIGN (0x8)
 *fill*         0x1fff8195        0x3 
 *(.ram.b)
                0x1fff8198                _end = .
                0x1fff8198                __end = .
                0x1fff8198                PROVIDE (end, .)
                0x1fff8198                PROVIDE (__bss_end__, .)
                0x00000610                __cy_region_init_ram = LOADADDR (.data)
                0x00000068                __cy_region_init_size_ram = (_edata - ADDR (.data))
                0x00000028                __cy_region_zero_size_ram = (_end - _edata)

.heap           0x1fff8198       0x80 load address 0x00000678
                0x1fff8198                . = _end
                0x1fff8218                . = (. + 0x80)
 *fill*         0x1fff8198       0x80 
                0x1fff8218                __cy_heap_limit = .

.stack          0x20007800      0x800
                0x20007800                __cy_stack_limit = .
                0x20008000                . = (. + 0x800)
 *fill*         0x20007800      0x800 
                0x00000001                ASSERT ((__cy_stack_limit >= __cy_heap_limit), region RAM overflowed with stack)
                0x00000000                cy_checksum_exclude_size = (CY_APPL_LOADABLE == 0x1)?SIZEOF (.cy_checksum_exclude):0x0
                0x00000001                ASSERT ((cy_checksum_exclude_size <= CY_CHECKSUM_EXCLUDE_SIZE), CY_BOOT: Section .cy_checksum_exclude size exceedes specified limit.)

.cyloadermeta
 *(.cyloadermeta)

.cyloadablemeta
 *(.cyloadablemeta)

.cyconfigecc    0x80000000      0x1d0
 *(.cyconfigecc)
 .cyconfigecc   0x80000000      0x1d0 .\CortexM3\ARM_GCC_493\Debug\cymetadata.o
                0x80000000                cy_meta_configecc

.cycustnvl      0x90000000        0x4
 *(.cycustnvl)
 .cycustnvl     0x90000000        0x4 .\CortexM3\ARM_GCC_493\Debug\cymetadata.o
                0x90000000                cy_meta_custnvl

.cywolatch      0x90100000        0x4
 *(.cywolatch)
 .cywolatch     0x90100000        0x4 .\CortexM3\ARM_GCC_493\Debug\cymetadata.o
                0x90100000                cy_meta_wonvl

.cyeeprom       0x90200000        0x0
 *(.cyeeprom)
                0x00000001                ASSERT ((. <= ((0x90200000 + ee_offset) + ee_size)), .cyeeprom data will not fit in EEPROM)

.cyflashprotect
                0x90400000      0x100
 *(.cyflashprotect)
 .cyflashprotect
                0x90400000      0x100 .\CortexM3\ARM_GCC_493\Debug\cymetadata.o
                0x90400000                cy_meta_flashprotect

.cymeta         0x90500000        0xc
 *(.cymeta)
 .cymeta        0x90500000        0xc .\CortexM3\ARM_GCC_493\Debug\cymetadata.o
                0x90500000                cy_metadata

.rel.dyn        0x00000678        0x0 load address 0x9050000c
 .rel.iplt      0x00000000        0x0 c:/program files (x86)/cypress/psoc creator/4.0/psoc creator/import/gnu/arm/4.9.3/bin/../lib/gcc/arm-none-eabi/4.9.3/armv7-m/crtbegin.o

.stab
 *(.stab)

.stabstr
 *(.stabstr)

.debug
 *(.debug)

.line
 *(.line)

.debug_srcinfo
 *(.debug_srcinfo)

.debug_sfnames
 *(.debug_sfnames)

.debug_aranges  0x00000000      0x6a8
 *(.debug_aranges)
 .debug_aranges
                0x00000000       0x40 .\CortexM3\ARM_GCC_493\Debug\main.o
 .debug_aranges
                0x00000040       0x18 .\CortexM3\ARM_GCC_493\Debug\cymetadata.o
 .debug_aranges
                0x00000058       0x48 .\CortexM3\ARM_GCC_493\Debug\Cm3Start.o
 .debug_aranges
                0x000000a0       0x58 .\CortexM3\ARM_GCC_493\Debug\POVBaseHBridge.a(cyfitter_cfg.o)
 .debug_aranges
                0x000000f8       0xa8 .\CortexM3\ARM_GCC_493\Debug\POVBaseHBridge.a(PWM.o)
 .debug_aranges
                0x000001a0       0x38 .\CortexM3\ARM_GCC_493\Debug\POVBaseHBridge.a(BUTTON.o)
 .debug_aranges
                0x000001d8       0x80 .\CortexM3\ARM_GCC_493\Debug\POVBaseHBridge.a(isr_button.o)
 .debug_aranges
                0x00000258      0x2a0 .\CortexM3\ARM_GCC_493\Debug\POVBaseHBridge.a(CyLib.o)
 .debug_aranges
                0x000004f8       0x98 .\CortexM3\ARM_GCC_493\Debug\POVBaseHBridge.a(cyPm.o)
 .debug_aranges
                0x00000590       0x20 .\CortexM3\ARM_GCC_493\Debug\POVBaseHBridge.a(CyBootAsmGnu.o)
 .debug_aranges
                0x000005b0       0x80 .\CortexM3\ARM_GCC_493\Debug\POVBaseHBridge.a(CyFlash.o)
 .debug_aranges
                0x00000630       0x78 .\CortexM3\ARM_GCC_493\Debug\POVBaseHBridge.a(CySpc.o)

.debug_pubnames
 *(.debug_pubnames)

.debug_info     0x00000000     0x3d4b
 *(.debug_info .gnu.linkonce.wi.*)
 .debug_info    0x00000000      0x2bc .\CortexM3\ARM_GCC_493\Debug\main.o
 .debug_info    0x000002bc      0x13b .\CortexM3\ARM_GCC_493\Debug\cymetadata.o
 .debug_info    0x000003f7      0x3b3 .\CortexM3\ARM_GCC_493\Debug\Cm3Start.o
 .debug_info    0x000007aa      0x4d3 .\CortexM3\ARM_GCC_493\Debug\POVBaseHBridge.a(cyfitter_cfg.o)
 .debug_info    0x00000c7d      0x39c .\CortexM3\ARM_GCC_493\Debug\POVBaseHBridge.a(PWM.o)
 .debug_info    0x00001019      0x11f .\CortexM3\ARM_GCC_493\Debug\POVBaseHBridge.a(BUTTON.o)
 .debug_info    0x00001138      0x2cb .\CortexM3\ARM_GCC_493\Debug\POVBaseHBridge.a(isr_button.o)
 .debug_info    0x00001403     0x1385 .\CortexM3\ARM_GCC_493\Debug\POVBaseHBridge.a(CyLib.o)
 .debug_info    0x00002788      0xa57 .\CortexM3\ARM_GCC_493\Debug\POVBaseHBridge.a(cyPm.o)
 .debug_info    0x000031df       0x7a .\CortexM3\ARM_GCC_493\Debug\POVBaseHBridge.a(CyBootAsmGnu.o)
 .debug_info    0x00003259      0x608 .\CortexM3\ARM_GCC_493\Debug\POVBaseHBridge.a(CyFlash.o)
 .debug_info    0x00003861      0x4ea .\CortexM3\ARM_GCC_493\Debug\POVBaseHBridge.a(CySpc.o)

.debug_abbrev   0x00000000     0x11a9
 *(.debug_abbrev)
 .debug_abbrev  0x00000000      0x1b4 .\CortexM3\ARM_GCC_493\Debug\main.o
 .debug_abbrev  0x000001b4       0x66 .\CortexM3\ARM_GCC_493\Debug\cymetadata.o
 .debug_abbrev  0x0000021a      0x1f7 .\CortexM3\ARM_GCC_493\Debug\Cm3Start.o
 .debug_abbrev  0x00000411      0x203 .\CortexM3\ARM_GCC_493\Debug\POVBaseHBridge.a(cyfitter_cfg.o)
 .debug_abbrev  0x00000614      0x14d .\CortexM3\ARM_GCC_493\Debug\POVBaseHBridge.a(PWM.o)
 .debug_abbrev  0x00000761       0x90 .\CortexM3\ARM_GCC_493\Debug\POVBaseHBridge.a(BUTTON.o)
 .debug_abbrev  0x000007f1      0x173 .\CortexM3\ARM_GCC_493\Debug\POVBaseHBridge.a(isr_button.o)
 .debug_abbrev  0x00000964      0x296 .\CortexM3\ARM_GCC_493\Debug\POVBaseHBridge.a(CyLib.o)
 .debug_abbrev  0x00000bfa      0x1ed .\CortexM3\ARM_GCC_493\Debug\POVBaseHBridge.a(cyPm.o)
 .debug_abbrev  0x00000de7       0x14 .\CortexM3\ARM_GCC_493\Debug\POVBaseHBridge.a(CyBootAsmGnu.o)
 .debug_abbrev  0x00000dfb      0x1ed .\CortexM3\ARM_GCC_493\Debug\POVBaseHBridge.a(CyFlash.o)
 .debug_abbrev  0x00000fe8      0x1c1 .\CortexM3\ARM_GCC_493\Debug\POVBaseHBridge.a(CySpc.o)

.debug_line     0x00000000     0x19dd
 *(.debug_line)
 .debug_line    0x00000000      0x1e6 .\CortexM3\ARM_GCC_493\Debug\main.o
 .debug_line    0x000001e6       0x51 .\CortexM3\ARM_GCC_493\Debug\cymetadata.o
 .debug_line    0x00000237      0x24f .\CortexM3\ARM_GCC_493\Debug\Cm3Start.o
 .debug_line    0x00000486      0x1db .\CortexM3\ARM_GCC_493\Debug\POVBaseHBridge.a(cyfitter_cfg.o)
 .debug_line    0x00000661      0x1ac .\CortexM3\ARM_GCC_493\Debug\POVBaseHBridge.a(PWM.o)
 .debug_line    0x0000080d       0x93 .\CortexM3\ARM_GCC_493\Debug\POVBaseHBridge.a(BUTTON.o)
 .debug_line    0x000008a0      0x137 .\CortexM3\ARM_GCC_493\Debug\POVBaseHBridge.a(isr_button.o)
 .debug_line    0x000009d7      0x816 .\CortexM3\ARM_GCC_493\Debug\POVBaseHBridge.a(CyLib.o)
 .debug_line    0x000011ed      0x364 .\CortexM3\ARM_GCC_493\Debug\POVBaseHBridge.a(cyPm.o)
 .debug_line    0x00001551       0x66 .\CortexM3\ARM_GCC_493\Debug\POVBaseHBridge.a(CyBootAsmGnu.o)
 .debug_line    0x000015b7      0x1ea .\CortexM3\ARM_GCC_493\Debug\POVBaseHBridge.a(CyFlash.o)
 .debug_line    0x000017a1      0x23c .\CortexM3\ARM_GCC_493\Debug\POVBaseHBridge.a(CySpc.o)

.debug_frame    0x00000000     0x117c
 *(.debug_frame)
 .debug_frame   0x00000000       0x78 .\CortexM3\ARM_GCC_493\Debug\main.o
 .debug_frame   0x00000078       0xb8 .\CortexM3\ARM_GCC_493\Debug\Cm3Start.o
 .debug_frame   0x00000130       0xe4 .\CortexM3\ARM_GCC_493\Debug\POVBaseHBridge.a(cyfitter_cfg.o)
 .debug_frame   0x00000214      0x154 .\CortexM3\ARM_GCC_493\Debug\POVBaseHBridge.a(PWM.o)
 .debug_frame   0x00000368       0x50 .\CortexM3\ARM_GCC_493\Debug\POVBaseHBridge.a(BUTTON.o)
 .debug_frame   0x000003b8      0x104 .\CortexM3\ARM_GCC_493\Debug\POVBaseHBridge.a(isr_button.o)
 .debug_frame   0x000004bc      0x738 .\CortexM3\ARM_GCC_493\Debug\POVBaseHBridge.a(CyLib.o)
 .debug_frame   0x00000bf4      0x1f8 .\CortexM3\ARM_GCC_493\Debug\POVBaseHBridge.a(cyPm.o)
 .debug_frame   0x00000dec      0x174 .\CortexM3\ARM_GCC_493\Debug\POVBaseHBridge.a(CyFlash.o)
 .debug_frame   0x00000f60      0x160 .\CortexM3\ARM_GCC_493\Debug\POVBaseHBridge.a(CySpc.o)
 .debug_frame   0x000010c0       0x20 c:/program files (x86)/cypress/psoc creator/4.0/psoc creator/import/gnu/arm/4.9.3/bin/../lib/gcc/arm-none-eabi/4.9.3/../../../../arm-none-eabi/lib/armv7-m\libg_nano.a(lib_a-errno.o)
 .debug_frame   0x000010e0       0x28 c:/program files (x86)/cypress/psoc creator/4.0/psoc creator/import/gnu/arm/4.9.3/bin/../lib/gcc/arm-none-eabi/4.9.3/../../../../arm-none-eabi/lib/armv7-m\libg_nano.a(lib_a-exit.o)
 .debug_frame   0x00001108       0x2c c:/program files (x86)/cypress/psoc creator/4.0/psoc creator/import/gnu/arm/4.9.3/bin/../lib/gcc/arm-none-eabi/4.9.3/../../../../arm-none-eabi/lib/armv7-m\libg_nano.a(lib_a-init.o)
 .debug_frame   0x00001134       0x28 c:/program files (x86)/cypress/psoc creator/4.0/psoc creator/import/gnu/arm/4.9.3/bin/../lib/gcc/arm-none-eabi/4.9.3/../../../../arm-none-eabi/lib/armv7-m\libg_nano.a(lib_a-memcpy.o)
 .debug_frame   0x0000115c       0x20 c:/program files (x86)/cypress/psoc creator/4.0/psoc creator/import/gnu/arm/4.9.3/bin/../lib/gcc/arm-none-eabi/4.9.3/../../../../arm-none-eabi/lib/armv7-m\libg_nano.a(lib_a-memset.o)

.debug_str      0x00000000     0x1650
 *(.debug_str)
 .debug_str     0x00000000      0x24e .\CortexM3\ARM_GCC_493\Debug\main.o
                                0x2a9 (size before relaxing)
 .debug_str     0x0000024e       0x75 .\CortexM3\ARM_GCC_493\Debug\cymetadata.o
                                0x1d4 (size before relaxing)
 .debug_str     0x000002c3      0x15d .\CortexM3\ARM_GCC_493\Debug\Cm3Start.o
                                0x2e8 (size before relaxing)
 .debug_str     0x00000420      0x154 .\CortexM3\ARM_GCC_493\Debug\POVBaseHBridge.a(cyfitter_cfg.o)
                                0x2ed (size before relaxing)
 .debug_str     0x00000574      0x1b0 .\CortexM3\ARM_GCC_493\Debug\POVBaseHBridge.a(PWM.o)
                                0x342 (size before relaxing)
 .debug_str     0x00000724       0x64 .\CortexM3\ARM_GCC_493\Debug\POVBaseHBridge.a(BUTTON.o)
                                0x1d1 (size before relaxing)
 .debug_str     0x00000788      0x131 .\CortexM3\ARM_GCC_493\Debug\POVBaseHBridge.a(isr_button.o)
                                0x2ca (size before relaxing)
 .debug_str     0x000008b9      0x7f6 .\CortexM3\ARM_GCC_493\Debug\POVBaseHBridge.a(CyLib.o)
                                0xa25 (size before relaxing)
 .debug_str     0x000010af      0x359 .\CortexM3\ARM_GCC_493\Debug\POVBaseHBridge.a(cyPm.o)
                                0x705 (size before relaxing)
 .debug_str     0x00001408      0x19c .\CortexM3\ARM_GCC_493\Debug\POVBaseHBridge.a(CyFlash.o)
                                0x37f (size before relaxing)
 .debug_str     0x000015a4       0xac .\CortexM3\ARM_GCC_493\Debug\POVBaseHBridge.a(CySpc.o)
                                0x308 (size before relaxing)

.debug_loc      0x00000000     0x1969
 *(.debug_loc)
 .debug_loc     0x00000000       0x4e .\CortexM3\ARM_GCC_493\Debug\main.o
 .debug_loc     0x0000004e      0x144 .\CortexM3\ARM_GCC_493\Debug\Cm3Start.o
 .debug_loc     0x00000192      0x1d7 .\CortexM3\ARM_GCC_493\Debug\POVBaseHBridge.a(cyfitter_cfg.o)
 .debug_loc     0x00000369       0x26 .\CortexM3\ARM_GCC_493\Debug\POVBaseHBridge.a(PWM.o)
 .debug_loc     0x0000038f       0x42 .\CortexM3\ARM_GCC_493\Debug\POVBaseHBridge.a(BUTTON.o)
 .debug_loc     0x000003d1       0x56 .\CortexM3\ARM_GCC_493\Debug\POVBaseHBridge.a(isr_button.o)
 .debug_loc     0x00000427      0xa11 .\CortexM3\ARM_GCC_493\Debug\POVBaseHBridge.a(CyLib.o)
 .debug_loc     0x00000e38      0x1e4 .\CortexM3\ARM_GCC_493\Debug\POVBaseHBridge.a(cyPm.o)
 .debug_loc     0x0000101c      0x300 .\CortexM3\ARM_GCC_493\Debug\POVBaseHBridge.a(CyFlash.o)
 .debug_loc     0x0000131c      0x64d .\CortexM3\ARM_GCC_493\Debug\POVBaseHBridge.a(CySpc.o)

.debug_macinfo
 *(.debug_macinfo)

.debug_ranges   0x00000000      0x5d0
 *(.debug_ranges)
 .debug_ranges  0x00000000       0x30 .\CortexM3\ARM_GCC_493\Debug\main.o
 .debug_ranges  0x00000030       0x38 .\CortexM3\ARM_GCC_493\Debug\Cm3Start.o
 .debug_ranges  0x00000068       0x48 .\CortexM3\ARM_GCC_493\Debug\POVBaseHBridge.a(cyfitter_cfg.o)
 .debug_ranges  0x000000b0       0x98 .\CortexM3\ARM_GCC_493\Debug\POVBaseHBridge.a(PWM.o)
 .debug_ranges  0x00000148       0x28 .\CortexM3\ARM_GCC_493\Debug\POVBaseHBridge.a(BUTTON.o)
 .debug_ranges  0x00000170       0x70 .\CortexM3\ARM_GCC_493\Debug\POVBaseHBridge.a(isr_button.o)
 .debug_ranges  0x000001e0      0x290 .\CortexM3\ARM_GCC_493\Debug\POVBaseHBridge.a(CyLib.o)
 .debug_ranges  0x00000470       0x88 .\CortexM3\ARM_GCC_493\Debug\POVBaseHBridge.a(cyPm.o)
 .debug_ranges  0x000004f8       0x70 .\CortexM3\ARM_GCC_493\Debug\POVBaseHBridge.a(CyFlash.o)
 .debug_ranges  0x00000568       0x68 .\CortexM3\ARM_GCC_493\Debug\POVBaseHBridge.a(CySpc.o)

.comment        0x00000000       0x70
 .comment       0x00000000       0x70 .\CortexM3\ARM_GCC_493\Debug\main.o
                                 0x71 (size before relaxing)
 .comment       0x00000000       0x71 .\CortexM3\ARM_GCC_493\Debug\cymetadata.o
 .comment       0x00000000       0x71 .\CortexM3\ARM_GCC_493\Debug\Cm3Start.o
 .comment       0x00000000       0x71 .\CortexM3\ARM_GCC_493\Debug\POVBaseHBridge.a(cyfitter_cfg.o)
 .comment       0x00000000       0x71 .\CortexM3\ARM_GCC_493\Debug\POVBaseHBridge.a(PWM.o)
 .comment       0x00000000       0x71 .\CortexM3\ARM_GCC_493\Debug\POVBaseHBridge.a(BUTTON.o)
 .comment       0x00000000       0x71 .\CortexM3\ARM_GCC_493\Debug\POVBaseHBridge.a(isr_button.o)
 .comment       0x00000000       0x71 .\CortexM3\ARM_GCC_493\Debug\POVBaseHBridge.a(CyLib.o)
 .comment       0x00000000       0x71 .\CortexM3\ARM_GCC_493\Debug\POVBaseHBridge.a(cyPm.o)
 .comment       0x00000000       0x71 .\CortexM3\ARM_GCC_493\Debug\POVBaseHBridge.a(CyFlash.o)
 .comment       0x00000000       0x71 .\CortexM3\ARM_GCC_493\Debug\POVBaseHBridge.a(CySpc.o)

.debug_weaknames
 *(.debug_weaknames)

.debug_funcnames
 *(.debug_funcnames)

.debug_typenames
 *(.debug_typenames)

.debug_varnames
 *(.debug_varnames)

.note.gnu.arm.ident
 *(.note.gnu.arm.ident)

.ARM.attributes
                0x00000000       0x29
 *(.ARM.attributes)
 .ARM.attributes
                0x00000000       0x1d c:/program files (x86)/cypress/psoc creator/4.0/psoc creator/import/gnu/arm/4.9.3/bin/../lib/gcc/arm-none-eabi/4.9.3/armv7-m/crti.o
 .ARM.attributes
                0x0000001d       0x2d c:/program files (x86)/cypress/psoc creator/4.0/psoc creator/import/gnu/arm/4.9.3/bin/../lib/gcc/arm-none-eabi/4.9.3/armv7-m/crtbegin.o
 .ARM.attributes
                0x0000004a       0x1b c:/program files (x86)/cypress/psoc creator/4.0/psoc creator/import/gnu/arm/4.9.3/bin/../lib/gcc/arm-none-eabi/4.9.3/../../../../arm-none-eabi/lib/armv7-m/crt0.o
 .ARM.attributes
                0x00000065       0x33 .\CortexM3\ARM_GCC_493\Debug\main.o
 .ARM.attributes
                0x00000098       0x33 .\CortexM3\ARM_GCC_493\Debug\cymetadata.o
 .ARM.attributes
                0x000000cb       0x33 .\CortexM3\ARM_GCC_493\Debug\Cm3Start.o
 .ARM.attributes
                0x000000fe       0x33 .\CortexM3\ARM_GCC_493\Debug\POVBaseHBridge.a(cyfitter_cfg.o)
 .ARM.attributes
                0x00000131       0x33 .\CortexM3\ARM_GCC_493\Debug\POVBaseHBridge.a(PWM.o)
 .ARM.attributes
                0x00000164       0x33 .\CortexM3\ARM_GCC_493\Debug\POVBaseHBridge.a(BUTTON.o)
 .ARM.attributes
                0x00000197       0x33 .\CortexM3\ARM_GCC_493\Debug\POVBaseHBridge.a(isr_button.o)
 .ARM.attributes
                0x000001ca       0x33 .\CortexM3\ARM_GCC_493\Debug\POVBaseHBridge.a(CyLib.o)
 .ARM.attributes
                0x000001fd       0x33 .\CortexM3\ARM_GCC_493\Debug\POVBaseHBridge.a(cyPm.o)
 .ARM.attributes
                0x00000230       0x21 .\CortexM3\ARM_GCC_493\Debug\POVBaseHBridge.a(CyBootAsmGnu.o)
 .ARM.attributes
                0x00000251       0x33 .\CortexM3\ARM_GCC_493\Debug\POVBaseHBridge.a(CyFlash.o)
 .ARM.attributes
                0x00000284       0x33 .\CortexM3\ARM_GCC_493\Debug\POVBaseHBridge.a(CySpc.o)
 .ARM.attributes
                0x000002b7       0x2d c:/program files (x86)/cypress/psoc creator/4.0/psoc creator/import/gnu/arm/4.9.3/bin/../lib/gcc/arm-none-eabi/4.9.3/../../../../arm-none-eabi/lib/armv7-m\libg_nano.a(lib_a-errno.o)
 .ARM.attributes
                0x000002e4       0x2d c:/program files (x86)/cypress/psoc creator/4.0/psoc creator/import/gnu/arm/4.9.3/bin/../lib/gcc/arm-none-eabi/4.9.3/../../../../arm-none-eabi/lib/armv7-m\libg_nano.a(lib_a-exit.o)
 .ARM.attributes
                0x00000311       0x2d c:/program files (x86)/cypress/psoc creator/4.0/psoc creator/import/gnu/arm/4.9.3/bin/../lib/gcc/arm-none-eabi/4.9.3/../../../../arm-none-eabi/lib/armv7-m\libg_nano.a(lib_a-impure.o)
 .ARM.attributes
                0x0000033e       0x2d c:/program files (x86)/cypress/psoc creator/4.0/psoc creator/import/gnu/arm/4.9.3/bin/../lib/gcc/arm-none-eabi/4.9.3/../../../../arm-none-eabi/lib/armv7-m\libg_nano.a(lib_a-init.o)
 .ARM.attributes
                0x0000036b       0x2d c:/program files (x86)/cypress/psoc creator/4.0/psoc creator/import/gnu/arm/4.9.3/bin/../lib/gcc/arm-none-eabi/4.9.3/../../../../arm-none-eabi/lib/armv7-m\libg_nano.a(lib_a-memcpy.o)
 .ARM.attributes
                0x00000398       0x2d c:/program files (x86)/cypress/psoc creator/4.0/psoc creator/import/gnu/arm/4.9.3/bin/../lib/gcc/arm-none-eabi/4.9.3/../../../../arm-none-eabi/lib/armv7-m\libg_nano.a(lib_a-memset.o)
 .ARM.attributes
                0x000003c5       0x2d c:/program files (x86)/cypress/psoc creator/4.0/psoc creator/import/gnu/arm/4.9.3/bin/../lib/gcc/arm-none-eabi/4.9.3/armv7-m/crtend.o
 .ARM.attributes
                0x000003f2       0x1d c:/program files (x86)/cypress/psoc creator/4.0/psoc creator/import/gnu/arm/4.9.3/bin/../lib/gcc/arm-none-eabi/4.9.3/armv7-m/crtn.o

/DISCARD/
 *(.note.GNU-stack)
OUTPUT(.\CortexM3\ARM_GCC_493\Debug\POVBaseHBridge.elf elf32-littlearm)
